// Jest Snapshot v1, https://goo.gl/fbAQLP

exports[`#generateSitemap should generate sitemap 1`] = `
"<?xml version=\\"1.0\\" encoding=\\"UTF-8\\"?>
<urlset xmlns=\\"http://www.sitemaps.org/schemas/sitemap/0.9\\" xmlns:news=\\"http://www.google.com/schemas/sitemap-news/0.9\\" xmlns:xhtml=\\"http://www.w3.org/1999/xhtml\\" xmlns:mobile=\\"http://www.google.com/schemas/sitemap-mobile/1.0\\" xmlns:image=\\"http://www.google.com/schemas/sitemap-image/1.1\\" xmlns:video=\\"http://www.google.com/schemas/sitemap-video/1.1\\">
<url> <loc>https://www.smooth-code.com/</loc> <changefreq>weekly</changefreq> <priority>1.0</priority> </url>
<url> <loc>https://www.smooth-code.com/articles/test</loc> <lastmod>2018-01-05T12:51:20.199Z</lastmod> <changefreq>weekly</changefreq> <priority>0.9</priority> </url>
<url> <loc>https://www.smooth-code.com/articles/test2</loc> <lastmod>2018-06-05T12:51:20.199Z</lastmod> <changefreq>weekly</changefreq> <priority>0.9</priority> </url>
</urlset>"
`;
